// Jest Snapshot v1, https://goo.gl/fbAQLP

exports[`expect to render Nav components 1`] = `[Function]`;

exports[`expect to render home components 1`] = `[Function]`;
